Archive member included to satisfy reference by file (symbol)

c:/efinity/efinity-riscv-ide-2024.1/toolchain/bin/../lib/gcc/riscv-none-embed/8.3.0/../../../../riscv-none-embed/lib/rv32im/ilp32\libc.a(lib_a-init.o)
                              build/obj_files/start.o (__libc_init_array)

Discarded input sections

 .group         0x0000000000000000        0xc build/obj_files/main.o
 .group         0x0000000000000000        0xc build/obj_files/main.o
 .group         0x0000000000000000        0xc build/obj_files/main.o
 .group         0x0000000000000000        0xc build/obj_files/main.o
 .group         0x0000000000000000        0xc build/obj_files/main.o
 .group         0x0000000000000000        0xc build/obj_files/main.o
 .group         0x0000000000000000        0xc build/obj_files/main.o
 .group         0x0000000000000000        0xc build/obj_files/main.o
 .group         0x0000000000000000        0xc build/obj_files/main.o
 .group         0x0000000000000000        0xc build/obj_files/main.o
 .group         0x0000000000000000        0xc build/obj_files/main.o
 .group         0x0000000000000000        0xc build/obj_files/main.o
 .group         0x0000000000000000        0xc build/obj_files/main.o
 .group         0x0000000000000000        0xc build/obj_files/main.o
 .group         0x0000000000000000        0xc build/obj_files/main.o
 .group         0x0000000000000000        0xc build/obj_files/main.o
 .group         0x0000000000000000        0xc build/obj_files/main.o
 .group         0x0000000000000000        0xc build/obj_files/main.o
 .group         0x0000000000000000        0xc build/obj_files/main.o
 .group         0x0000000000000000        0xc build/obj_files/main.o
 .group         0x0000000000000000        0xc build/obj_files/main.o
 .group         0x0000000000000000        0xc build/obj_files/main.o
 .group         0x0000000000000000        0xc build/obj_files/main.o
 .group         0x0000000000000000        0xc build/obj_files/main.o
 .group         0x0000000000000000        0xc build/obj_files/main.o
 .group         0x0000000000000000        0xc build/obj_files/main.o
 .group         0x0000000000000000        0xc build/obj_files/main.o
 .group         0x0000000000000000        0xc build/obj_files/main.o
 .group         0x0000000000000000        0xc build/obj_files/main.o
 .group         0x0000000000000000        0xc build/obj_files/main.o
 .group         0x0000000000000000        0xc build/obj_files/main.o
 .group         0x0000000000000000        0xc build/obj_files/main.o
 .group         0x0000000000000000        0xc build/obj_files/main.o
 .group         0x0000000000000000        0xc build/obj_files/main.o
 .group         0x0000000000000000        0xc build/obj_files/main.o
 .group         0x0000000000000000        0xc build/obj_files/main.o

Memory Configuration

Name             Origin             Length             Attributes
ram              0x00000000f9000000 0x0000000000001000 axwl !r
*default*        0x0000000000000000 0xffffffffffffffff

Linker script and memory map

LOAD build/obj_files/main.o
LOAD build/obj_files/start.o
LOAD build/obj_files/trap.o
LOAD c:/efinity/efinity-riscv-ide-2024.1/toolchain/bin/../lib/gcc/riscv-none-embed/8.3.0/../../../../riscv-none-embed/lib/rv32im/ilp32\libc.a
LOAD c:/efinity/efinity-riscv-ide-2024.1/toolchain/bin/../lib/gcc/riscv-none-embed/8.3.0/rv32im/ilp32\libgcc.a
                0x0000000000000200                __stack_size = DEFINED (__stack_size)?__stack_size:0x200

.init           0x00000000f9000000       0x60
 *(SORT_NONE(.init))
 .init          0x00000000f9000000       0x60 build/obj_files/start.o
                0x00000000f9000000                _start
                0x00000000f900005c                _init

.text           0x00000000f9000060      0x770
 *(.text.Proc_1)
 *(.text.Proc_2)
 *(.text.Proc_3)
 *(.text.Proc_4)
 *(.text.Proc_5)
 *(.text.Proc_6)
 *(.text.Proc_7)
 *(.text.Proc_8)
 *(.text.Func_1)
 *(.text.Func_2)
 *(.text.Func_3)
 *(.text.strcpy)
 *libc.a:*(.text .text.*)
 .text          0x00000000f9000060        0x0 c:/efinity/efinity-riscv-ide-2024.1/toolchain/bin/../lib/gcc/riscv-none-embed/8.3.0/../../../../riscv-none-embed/lib/rv32im/ilp32\libc.a(lib_a-init.o)
 .text.__libc_init_array
                0x00000000f9000060       0x94 c:/efinity/efinity-riscv-ide-2024.1/toolchain/bin/../lib/gcc/riscv-none-embed/8.3.0/../../../../riscv-none-embed/lib/rv32im/ilp32\libc.a(lib_a-init.o)
                0x00000000f9000060                __libc_init_array
 *(.text.main)
 *(.text.unlikely .text.unlikely.*)
 *(.text.startup .text.startup.*)
 *(.text .text.*)
 .text          0x00000000f90000f4      0x64c build/obj_files/main.o
                0x00000000f9000588                error_state
                0x00000000f90005a0                crash
                0x00000000f90005b8                intr_init
                0x00000000f900062c                axiInterrupt
                0x00000000f9000688                trap
                0x00000000f90006bc                main
 .text          0x00000000f9000740        0x0 build/obj_files/start.o
 .text          0x00000000f9000740       0x90 build/obj_files/trap.o
                0x00000000f9000740                trap_entry
 *(.gnu.linkonce.t.*)
 *(.note.gnu.build-id)

.rela.dyn       0x00000000f90007d0        0x0
 .rela.init     0x00000000f90007d0        0x0 build/obj_files/main.o
 .rela.text.__libc_init_array
                0x00000000f90007d0        0x0 build/obj_files/main.o

.fini
 *(SORT_NONE(.fini))
                [!provide]                        PROVIDE (__etext = .)
                [!provide]                        PROVIDE (_etext = .)
                [!provide]                        PROVIDE (etext = .)
                0x00000000f90007d0                . = ALIGN (0x4)

.preinit_array  0x00000000f90007d0        0x0
                0x00000000f90007d0                PROVIDE (__preinit_array_start = .)
 *(.preinit_array)
                0x00000000f90007d0                PROVIDE (__preinit_array_end = .)

.init_array     0x00000000f90007d0        0x0
                0x00000000f90007d0                PROVIDE (__init_array_start = .)
 *(SORT_BY_INIT_PRIORITY(.init_array.*) SORT_BY_INIT_PRIORITY(.ctors.*))
 *(.init_array EXCLUDE_FILE(*crtend?.o *crtend.o *crtbegin?.o *crtbegin.o) .ctors)
                0x00000000f90007d0                PROVIDE (__init_array_end = .)

.fini_array     0x00000000f90007d0        0x0
                [!provide]                        PROVIDE (__fini_array_start = .)
 *(SORT_BY_INIT_PRIORITY(.fini_array.*) SORT_BY_INIT_PRIORITY(.dtors.*))
 *(.fini_array EXCLUDE_FILE(*crtend?.o *crtend.o *crtbegin?.o *crtbegin.o) .dtors)
                [!provide]                        PROVIDE (__fini_array_end = .)

.ctors
 *crtbegin.o(.ctors)
 *crtbegin?.o(.ctors)
 *(EXCLUDE_FILE(*crtend?.o *crtend.o) .ctors)
 *(SORT_BY_NAME(.ctors.*))
 *(.ctors)

.dtors
 *crtbegin.o(.dtors)
 *crtbegin?.o(.dtors)
 *(EXCLUDE_FILE(*crtend?.o *crtend.o) .dtors)
 *(SORT_BY_NAME(.dtors.*))
 *(.dtors)

.lalign         0x00000000f90007d0        0x0
                0x00000000f90007d0                PROVIDE (_data_lma = .)

.dalign         0x00000000f90007d0        0x0
                0x00000000f90007d0                PROVIDE (_data = .)

.data           0x00000000f90007d0       0xca
 *(.rdata)
 *(.rodata .rodata.*)
 .rodata.str1.4
                0x00000000f90007d0       0xc0 build/obj_files/main.o
                                         0xbe (size before relaxing)
 *(.gnu.linkonce.r.*)
 *(.data .data.*)
 .data          0x00000000f9000890        0x0 build/obj_files/main.o
 .data          0x00000000f9000890        0x0 build/obj_files/start.o
 .data          0x00000000f9000890        0x0 build/obj_files/trap.o
 .data          0x00000000f9000890        0x0 c:/efinity/efinity-riscv-ide-2024.1/toolchain/bin/../lib/gcc/riscv-none-embed/8.3.0/../../../../riscv-none-embed/lib/rv32im/ilp32\libc.a(lib_a-init.o)
 *(.gnu.linkonce.d.*)
                0x00000000f9000890                . = ALIGN (0x8)
                0x00000000f9001080                PROVIDE (__global_pointer$ = (. + 0x7f0))
 *(.sdata .sdata.*)
 *(.gnu.linkonce.s.*)
                0x00000000f9000890                . = ALIGN (0x8)
 *(.srodata.cst16)
 *(.srodata.cst8)
 *(.srodata.cst4)
 *(.srodata.cst2)
 *(.srodata .srodata.*)
                0x00000000f900089a                . = (. + 0xa)
 *fill*         0x00000000f9000890        0xa 
                0x00000000f900089c                . = ALIGN (0x4)
                0x00000000f900089c                PROVIDE (_edata = .)
                [!provide]                        PROVIDE (edata = .)
                [!provide]                        PROVIDE (_fbss = .)
                0x00000000f900089c                PROVIDE (__bss_start = .)

.bss            0x00000000f900089a        0x2
 *(.sbss*)
 *(.gnu.linkonce.sb.*)
 *(.bss .bss.*)
 .bss           0x00000000f900089a        0x0 build/obj_files/main.o
 .bss           0x00000000f900089a        0x0 build/obj_files/start.o
 .bss           0x00000000f900089a        0x0 build/obj_files/trap.o
 .bss           0x00000000f900089a        0x0 c:/efinity/efinity-riscv-ide-2024.1/toolchain/bin/../lib/gcc/riscv-none-embed/8.3.0/../../../../riscv-none-embed/lib/rv32im/ilp32\libc.a(lib_a-init.o)
 *(.gnu.linkonce.b.*)
 *(COMMON)
                0x00000000f900089c                . = ALIGN (0x4)
 *fill*         0x00000000f900089a        0x2 
                0x00000000f90008a0                . = ALIGN (0x8)
                0x00000000f90008a0                PROVIDE (_end = .)
                [!provide]                        PROVIDE (end = .)

.stack          0x00000000f90008a0      0x200
                [!provide]                        PROVIDE (_heap_end = .)
                0x0000000000000200                . = __stack_size
 *fill*         0x00000000f90008a0      0x200 
                0x00000000f9000aa0                PROVIDE (_sp = .)
                0x00000000f9000aa0                __freertos_irq_stack_top = .
LOAD c:/efinity/efinity-riscv-ide-2024.1/toolchain/bin/../lib/gcc/riscv-none-embed/8.3.0/../../../../riscv-none-embed/lib/rv32im/ilp32\libm.a
LOAD c:/efinity/efinity-riscv-ide-2024.1/toolchain/bin/../lib/gcc/riscv-none-embed/8.3.0/rv32im/ilp32\libgcc.a
START GROUP
LOAD c:/efinity/efinity-riscv-ide-2024.1/toolchain/bin/../lib/gcc/riscv-none-embed/8.3.0/rv32im/ilp32\libgcc.a
LOAD c:/efinity/efinity-riscv-ide-2024.1/toolchain/bin/../lib/gcc/riscv-none-embed/8.3.0/../../../../riscv-none-embed/lib/rv32im/ilp32\libg.a
LOAD c:/efinity/efinity-riscv-ide-2024.1/toolchain/bin/../lib/gcc/riscv-none-embed/8.3.0/../../../../riscv-none-embed/lib/rv32im/ilp32\libc.a
END GROUP
LOAD c:/efinity/efinity-riscv-ide-2024.1/toolchain/bin/../lib/gcc/riscv-none-embed/8.3.0/rv32im/ilp32\libgcc.a
START GROUP
LOAD c:/efinity/efinity-riscv-ide-2024.1/toolchain/bin/../lib/gcc/riscv-none-embed/8.3.0/rv32im/ilp32\libgcc.a
LOAD c:/efinity/efinity-riscv-ide-2024.1/toolchain/bin/../lib/gcc/riscv-none-embed/8.3.0/../../../../riscv-none-embed/lib/rv32im/ilp32\libc.a
LOAD c:/efinity/efinity-riscv-ide-2024.1/toolchain/bin/../lib/gcc/riscv-none-embed/8.3.0/../../../../riscv-none-embed/lib/rv32im/ilp32\libnosys.a
END GROUP
OUTPUT(build/axi4Demo.elf elf32-littleriscv)

.debug_info     0x0000000000000000     0x14e7
 .debug_info    0x0000000000000000     0x149b build/obj_files/main.o
 .debug_info    0x000000000000149b       0x26 build/obj_files/start.o
 .debug_info    0x00000000000014c1       0x26 build/obj_files/trap.o

.debug_abbrev   0x0000000000000000      0x45f
 .debug_abbrev  0x0000000000000000      0x437 build/obj_files/main.o
 .debug_abbrev  0x0000000000000437       0x14 build/obj_files/start.o
 .debug_abbrev  0x000000000000044b       0x14 build/obj_files/trap.o

.debug_loc      0x0000000000000000      0x7a0
 .debug_loc     0x0000000000000000      0x7a0 build/obj_files/main.o

.debug_aranges  0x0000000000000000       0x60
 .debug_aranges
                0x0000000000000000       0x20 build/obj_files/main.o
 .debug_aranges
                0x0000000000000020       0x20 build/obj_files/start.o
 .debug_aranges
                0x0000000000000040       0x20 build/obj_files/trap.o

.debug_macro    0x0000000000000000     0x1d62
 .debug_macro   0x0000000000000000      0x1fc build/obj_files/main.o
 .debug_macro   0x00000000000001fc      0x760 build/obj_files/main.o
 .debug_macro   0x000000000000095c       0x22 build/obj_files/main.o
 .debug_macro   0x000000000000097e       0x8e build/obj_files/main.o
 .debug_macro   0x0000000000000a0c       0x51 build/obj_files/main.o
 .debug_macro   0x0000000000000a5d      0x103 build/obj_files/main.o
 .debug_macro   0x0000000000000b60       0x6a build/obj_files/main.o
 .debug_macro   0x0000000000000bca      0x1df build/obj_files/main.o
 .debug_macro   0x0000000000000da9      0x142 build/obj_files/main.o
 .debug_macro   0x0000000000000eeb       0xc4 build/obj_files/main.o
 .debug_macro   0x0000000000000faf       0x12 build/obj_files/main.o
 .debug_macro   0x0000000000000fc1       0x1c build/obj_files/main.o
 .debug_macro   0x0000000000000fdd       0x16 build/obj_files/main.o
 .debug_macro   0x0000000000000ff3      0x1bc build/obj_files/main.o
 .debug_macro   0x00000000000011af       0x16 build/obj_files/main.o
 .debug_macro   0x00000000000011c5       0xb6 build/obj_files/main.o
 .debug_macro   0x000000000000127b       0x58 build/obj_files/main.o
 .debug_macro   0x00000000000012d3       0x19 build/obj_files/main.o
 .debug_macro   0x00000000000012ec       0x52 build/obj_files/main.o
 .debug_macro   0x000000000000133e       0x34 build/obj_files/main.o
 .debug_macro   0x0000000000001372       0x34 build/obj_files/main.o
 .debug_macro   0x00000000000013a6       0x16 build/obj_files/main.o
 .debug_macro   0x00000000000013bc      0x10e build/obj_files/main.o
 .debug_macro   0x00000000000014ca       0x8d build/obj_files/main.o
 .debug_macro   0x0000000000001557       0x16 build/obj_files/main.o
 .debug_macro   0x000000000000156d       0x43 build/obj_files/main.o
 .debug_macro   0x00000000000015b0       0x34 build/obj_files/main.o
 .debug_macro   0x00000000000015e4       0x10 build/obj_files/main.o
 .debug_macro   0x00000000000015f4       0x52 build/obj_files/main.o
 .debug_macro   0x0000000000001646      0x182 build/obj_files/main.o
 .debug_macro   0x00000000000017c8      0x339 build/obj_files/main.o
 .debug_macro   0x0000000000001b01       0x16 build/obj_files/main.o
 .debug_macro   0x0000000000001b17       0x29 build/obj_files/main.o
 .debug_macro   0x0000000000001b40      0x1a9 build/obj_files/main.o
 .debug_macro   0x0000000000001ce9       0x16 build/obj_files/main.o
 .debug_macro   0x0000000000001cff       0x35 build/obj_files/main.o
 .debug_macro   0x0000000000001d34       0x2e build/obj_files/main.o

.debug_line     0x0000000000000000      0xf69
 .debug_line    0x0000000000000000      0xd9e build/obj_files/main.o
 .debug_line    0x0000000000000d9e       0xba build/obj_files/start.o
 .debug_line    0x0000000000000e58      0x111 build/obj_files/trap.o

.debug_str      0x0000000000000000     0x8802
 .debug_str     0x0000000000000000     0x87d3 build/obj_files/main.o
                                       0x8ab3 (size before relaxing)
 .debug_str     0x00000000000087d3       0x1e build/obj_files/start.o
                                         0x64 (size before relaxing)
 .debug_str     0x00000000000087f1       0x11 build/obj_files/trap.o
                                         0x63 (size before relaxing)

.comment        0x0000000000000000       0x33
 .comment       0x0000000000000000       0x33 build/obj_files/main.o
                                         0x34 (size before relaxing)

.debug_frame    0x0000000000000000      0x2d8
 .debug_frame   0x0000000000000000      0x29c build/obj_files/main.o
 .debug_frame   0x000000000000029c       0x3c c:/efinity/efinity-riscv-ide-2024.1/toolchain/bin/../lib/gcc/riscv-none-embed/8.3.0/../../../../riscv-none-embed/lib/rv32im/ilp32\libc.a(lib_a-init.o)
