Archive member included to satisfy reference by file (symbol)

c:/efinity/efinity-riscv-ide-2024.1/toolchain/bin/../lib/gcc/riscv-none-embed/8.3.0/../../../../riscv-none-embed/lib/rv32im/ilp32\libc.a(lib_a-init.o)
                              build/obj_files/start.o (__libc_init_array)

Allocating common symbols
Common symbol       size              file

owrite_crtl         0x4               build/obj_files/main.o
apb3_ctrl_reg       0x4               build/obj_files/main.o

Discarded input sections

 .group         0x0000000000000000        0xc build/obj_files/main.o
 .group         0x0000000000000000        0xc build/obj_files/main.o
 .group         0x0000000000000000        0xc build/obj_files/main.o
 .group         0x0000000000000000        0xc build/obj_files/main.o
 .group         0x0000000000000000        0xc build/obj_files/main.o
 .group         0x0000000000000000        0xc build/obj_files/main.o
 .group         0x0000000000000000        0xc build/obj_files/main.o
 .group         0x0000000000000000        0xc build/obj_files/main.o
 .group         0x0000000000000000        0xc build/obj_files/main.o
 .group         0x0000000000000000        0xc build/obj_files/main.o
 .group         0x0000000000000000        0xc build/obj_files/main.o
 .group         0x0000000000000000        0xc build/obj_files/main.o
 .group         0x0000000000000000        0xc build/obj_files/main.o
 .group         0x0000000000000000        0xc build/obj_files/main.o
 .group         0x0000000000000000        0xc build/obj_files/main.o
 .group         0x0000000000000000        0xc build/obj_files/main.o
 .group         0x0000000000000000        0xc build/obj_files/main.o
 .group         0x0000000000000000        0xc build/obj_files/main.o
 .group         0x0000000000000000        0xc build/obj_files/main.o
 .group         0x0000000000000000        0xc build/obj_files/main.o
 .group         0x0000000000000000        0xc build/obj_files/main.o
 .group         0x0000000000000000        0xc build/obj_files/main.o
 .group         0x0000000000000000        0xc build/obj_files/main.o
 .group         0x0000000000000000        0xc build/obj_files/main.o
 .group         0x0000000000000000        0xc build/obj_files/main.o
 .group         0x0000000000000000        0xc build/obj_files/main.o
 .group         0x0000000000000000        0xc build/obj_files/main.o
 .group         0x0000000000000000        0xc build/obj_files/main.o
 .group         0x0000000000000000        0xc build/obj_files/main.o
 .group         0x0000000000000000        0xc build/obj_files/main.o
 .group         0x0000000000000000        0xc build/obj_files/main.o
 .group         0x0000000000000000        0xc build/obj_files/main.o
 .group         0x0000000000000000        0xc build/obj_files/main.o
 .group         0x0000000000000000        0xc build/obj_files/main.o
 .group         0x0000000000000000        0xc build/obj_files/main.o
 .group         0x0000000000000000        0xc build/obj_files/main.o

Memory Configuration

Name             Origin             Length             Attributes
ram              0x00000000f9000000 0x0000000000001000 axwl !r
*default*        0x0000000000000000 0xffffffffffffffff

Linker script and memory map

LOAD build/obj_files/main.o
LOAD build/obj_files/start.o
LOAD c:/efinity/efinity-riscv-ide-2024.1/toolchain/bin/../lib/gcc/riscv-none-embed/8.3.0/../../../../riscv-none-embed/lib/rv32im/ilp32\libc.a
LOAD c:/efinity/efinity-riscv-ide-2024.1/toolchain/bin/../lib/gcc/riscv-none-embed/8.3.0/rv32im/ilp32\libgcc.a
                0x0000000000000200                __stack_size = DEFINED (__stack_size)?__stack_size:0x200

.init           0x00000000f9000000       0x60
 *(SORT_NONE(.init))
 .init          0x00000000f9000000       0x60 build/obj_files/start.o
                0x00000000f9000000                _start
                0x00000000f900005c                _init

.text           0x00000000f9000060      0x510
 *(.text.Proc_1)
 *(.text.Proc_2)
 *(.text.Proc_3)
 *(.text.Proc_4)
 *(.text.Proc_5)
 *(.text.Proc_6)
 *(.text.Proc_7)
 *(.text.Proc_8)
 *(.text.Func_1)
 *(.text.Func_2)
 *(.text.Func_3)
 *(.text.strcpy)
 *libc.a:*(.text .text.*)
 .text          0x00000000f9000060        0x0 c:/efinity/efinity-riscv-ide-2024.1/toolchain/bin/../lib/gcc/riscv-none-embed/8.3.0/../../../../riscv-none-embed/lib/rv32im/ilp32\libc.a(lib_a-init.o)
 .text.__libc_init_array
                0x00000000f9000060       0x94 c:/efinity/efinity-riscv-ide-2024.1/toolchain/bin/../lib/gcc/riscv-none-embed/8.3.0/../../../../riscv-none-embed/lib/rv32im/ilp32\libc.a(lib_a-init.o)
                0x00000000f9000060                __libc_init_array
 *(.text.main)
 *(.text.unlikely .text.unlikely.*)
 *(.text.startup .text.startup.*)
 *(.text .text.*)
 .text          0x00000000f90000f4      0x47c build/obj_files/main.o
                0x00000000f90004a8                apb3_read
                0x00000000f90004b0                apb3_ctrl_write
                0x00000000f90004bc                cfg_write
                0x00000000f90004c8                cfg_data
                0x00000000f90004d0                cfg_addr
                0x00000000f90004d8                error_state
                0x00000000f90004f0                main
 .text          0x00000000f9000570        0x0 build/obj_files/start.o
 *(.gnu.linkonce.t.*)
 *(.note.gnu.build-id)

.rela.dyn       0x00000000f9000570        0x0
 .rela.init     0x00000000f9000570        0x0 build/obj_files/main.o
 .rela.text.__libc_init_array
                0x00000000f9000570        0x0 build/obj_files/main.o

.fini
 *(SORT_NONE(.fini))
                [!provide]                        PROVIDE (__etext = .)
                [!provide]                        PROVIDE (_etext = .)
                [!provide]                        PROVIDE (etext = .)
                0x00000000f9000570                . = ALIGN (0x4)

.preinit_array  0x00000000f9000570        0x0
                0x00000000f9000570                PROVIDE (__preinit_array_start = .)
 *(.preinit_array)
                0x00000000f9000570                PROVIDE (__preinit_array_end = .)

.init_array     0x00000000f9000570        0x0
                0x00000000f9000570                PROVIDE (__init_array_start = .)
 *(SORT_BY_INIT_PRIORITY(.init_array.*) SORT_BY_INIT_PRIORITY(.ctors.*))
 *(.init_array EXCLUDE_FILE(*crtend?.o *crtend.o *crtbegin?.o *crtbegin.o) .ctors)
                0x00000000f9000570                PROVIDE (__init_array_end = .)

.fini_array     0x00000000f9000570        0x0
                [!provide]                        PROVIDE (__fini_array_start = .)
 *(SORT_BY_INIT_PRIORITY(.fini_array.*) SORT_BY_INIT_PRIORITY(.dtors.*))
 *(.fini_array EXCLUDE_FILE(*crtend?.o *crtend.o *crtbegin?.o *crtbegin.o) .dtors)
                [!provide]                        PROVIDE (__fini_array_end = .)

.ctors
 *crtbegin.o(.ctors)
 *crtbegin?.o(.ctors)
 *(EXCLUDE_FILE(*crtend?.o *crtend.o) .ctors)
 *(SORT_BY_NAME(.ctors.*))
 *(.ctors)

.dtors
 *crtbegin.o(.dtors)
 *crtbegin?.o(.dtors)
 *(EXCLUDE_FILE(*crtend?.o *crtend.o) .dtors)
 *(SORT_BY_NAME(.dtors.*))
 *(.dtors)

.lalign         0x00000000f9000570        0x0
                0x00000000f9000570                PROVIDE (_data_lma = .)

.dalign         0x00000000f9000570        0x0
                0x00000000f9000570                PROVIDE (_data = .)

.data           0x00000000f9000570       0xca
 *(.rdata)
 *(.rodata .rodata.*)
 .rodata.str1.4
                0x00000000f9000570       0xbc build/obj_files/main.o
                                         0xbb (size before relaxing)
 *(.gnu.linkonce.r.*)
 *(.data .data.*)
 .data          0x00000000f900062c        0x0 build/obj_files/main.o
 .data          0x00000000f900062c        0x0 build/obj_files/start.o
 .data          0x00000000f900062c        0x0 c:/efinity/efinity-riscv-ide-2024.1/toolchain/bin/../lib/gcc/riscv-none-embed/8.3.0/../../../../riscv-none-embed/lib/rv32im/ilp32\libc.a(lib_a-init.o)
 *(.gnu.linkonce.d.*)
                0x00000000f9000630                . = ALIGN (0x8)
 *fill*         0x00000000f900062c        0x4 
                0x00000000f9000e20                PROVIDE (__global_pointer$ = (. + 0x7f0))
 *(.sdata .sdata.*)
 *(.gnu.linkonce.s.*)
                0x00000000f9000630                . = ALIGN (0x8)
 *(.srodata.cst16)
 *(.srodata.cst8)
 *(.srodata.cst4)
 *(.srodata.cst2)
 *(.srodata .srodata.*)
                0x00000000f900063a                . = (. + 0xa)
 *fill*         0x00000000f9000630        0xa 
                0x00000000f900063c                . = ALIGN (0x4)
                0x00000000f900063c                PROVIDE (_edata = .)
                [!provide]                        PROVIDE (edata = .)
                [!provide]                        PROVIDE (_fbss = .)
                0x00000000f900063c                PROVIDE (__bss_start = .)

.bss            0x00000000f900063c        0x8
 *(.sbss*)
 *(.gnu.linkonce.sb.*)
 *(.bss .bss.*)
 .bss           0x00000000f900063c        0x0 build/obj_files/main.o
 .bss           0x00000000f900063c        0x0 build/obj_files/start.o
 .bss           0x00000000f900063c        0x0 c:/efinity/efinity-riscv-ide-2024.1/toolchain/bin/../lib/gcc/riscv-none-embed/8.3.0/../../../../riscv-none-embed/lib/rv32im/ilp32\libc.a(lib_a-init.o)
 *(.gnu.linkonce.b.*)
 *(COMMON)
 COMMON         0x00000000f900063c        0x8 build/obj_files/main.o
                0x00000000f900063c                owrite_crtl
                0x00000000f9000640                apb3_ctrl_reg
                0x00000000f9000644                . = ALIGN (0x4)
                0x00000000f9000648                . = ALIGN (0x8)
                0x00000000f9000648                PROVIDE (_end = .)
                [!provide]                        PROVIDE (end = .)

.stack          0x00000000f9000650      0x200
                [!provide]                        PROVIDE (_heap_end = .)
                0x0000000000000200                . = __stack_size
 *fill*         0x00000000f9000650      0x200 
                0x00000000f9000850                PROVIDE (_sp = .)
                0x00000000f9000850                __freertos_irq_stack_top = .
LOAD c:/efinity/efinity-riscv-ide-2024.1/toolchain/bin/../lib/gcc/riscv-none-embed/8.3.0/../../../../riscv-none-embed/lib/rv32im/ilp32\libm.a
LOAD c:/efinity/efinity-riscv-ide-2024.1/toolchain/bin/../lib/gcc/riscv-none-embed/8.3.0/rv32im/ilp32\libgcc.a
START GROUP
LOAD c:/efinity/efinity-riscv-ide-2024.1/toolchain/bin/../lib/gcc/riscv-none-embed/8.3.0/rv32im/ilp32\libgcc.a
LOAD c:/efinity/efinity-riscv-ide-2024.1/toolchain/bin/../lib/gcc/riscv-none-embed/8.3.0/../../../../riscv-none-embed/lib/rv32im/ilp32\libg.a
LOAD c:/efinity/efinity-riscv-ide-2024.1/toolchain/bin/../lib/gcc/riscv-none-embed/8.3.0/../../../../riscv-none-embed/lib/rv32im/ilp32\libc.a
END GROUP
LOAD c:/efinity/efinity-riscv-ide-2024.1/toolchain/bin/../lib/gcc/riscv-none-embed/8.3.0/rv32im/ilp32\libgcc.a
START GROUP
LOAD c:/efinity/efinity-riscv-ide-2024.1/toolchain/bin/../lib/gcc/riscv-none-embed/8.3.0/rv32im/ilp32\libgcc.a
LOAD c:/efinity/efinity-riscv-ide-2024.1/toolchain/bin/../lib/gcc/riscv-none-embed/8.3.0/../../../../riscv-none-embed/lib/rv32im/ilp32\libc.a
LOAD c:/efinity/efinity-riscv-ide-2024.1/toolchain/bin/../lib/gcc/riscv-none-embed/8.3.0/../../../../riscv-none-embed/lib/rv32im/ilp32\libnosys.a
END GROUP
OUTPUT(build/apb3Demo.elf elf32-littleriscv)

.debug_info     0x0000000000000000     0x112e
 .debug_info    0x0000000000000000     0x1108 build/obj_files/main.o
 .debug_info    0x0000000000001108       0x26 build/obj_files/start.o

.debug_abbrev   0x0000000000000000      0x466
 .debug_abbrev  0x0000000000000000      0x452 build/obj_files/main.o
 .debug_abbrev  0x0000000000000452       0x14 build/obj_files/start.o

.debug_loc      0x0000000000000000      0x3c6
 .debug_loc     0x0000000000000000      0x3c6 build/obj_files/main.o

.debug_aranges  0x0000000000000000       0x40
 .debug_aranges
                0x0000000000000000       0x20 build/obj_files/main.o
 .debug_aranges
                0x0000000000000020       0x20 build/obj_files/start.o

.debug_macro    0x0000000000000000     0x1d26
 .debug_macro   0x0000000000000000      0x1d8 build/obj_files/main.o
 .debug_macro   0x00000000000001d8      0x760 build/obj_files/main.o
 .debug_macro   0x0000000000000938       0x22 build/obj_files/main.o
 .debug_macro   0x000000000000095a       0x8e build/obj_files/main.o
 .debug_macro   0x00000000000009e8       0x51 build/obj_files/main.o
 .debug_macro   0x0000000000000a39      0x103 build/obj_files/main.o
 .debug_macro   0x0000000000000b3c       0x6a build/obj_files/main.o
 .debug_macro   0x0000000000000ba6      0x1df build/obj_files/main.o
 .debug_macro   0x0000000000000d85      0x130 build/obj_files/main.o
 .debug_macro   0x0000000000000eb5       0xc4 build/obj_files/main.o
 .debug_macro   0x0000000000000f79       0x12 build/obj_files/main.o
 .debug_macro   0x0000000000000f8b       0x1c build/obj_files/main.o
 .debug_macro   0x0000000000000fa7       0x16 build/obj_files/main.o
 .debug_macro   0x0000000000000fbd      0x1bc build/obj_files/main.o
 .debug_macro   0x0000000000001179       0x16 build/obj_files/main.o
 .debug_macro   0x000000000000118f       0xb6 build/obj_files/main.o
 .debug_macro   0x0000000000001245       0x58 build/obj_files/main.o
 .debug_macro   0x000000000000129d       0x19 build/obj_files/main.o
 .debug_macro   0x00000000000012b6       0x52 build/obj_files/main.o
 .debug_macro   0x0000000000001308       0x34 build/obj_files/main.o
 .debug_macro   0x000000000000133c       0x34 build/obj_files/main.o
 .debug_macro   0x0000000000001370       0x16 build/obj_files/main.o
 .debug_macro   0x0000000000001386      0x10e build/obj_files/main.o
 .debug_macro   0x0000000000001494       0x8d build/obj_files/main.o
 .debug_macro   0x0000000000001521       0x16 build/obj_files/main.o
 .debug_macro   0x0000000000001537       0x43 build/obj_files/main.o
 .debug_macro   0x000000000000157a       0x34 build/obj_files/main.o
 .debug_macro   0x00000000000015ae       0x10 build/obj_files/main.o
 .debug_macro   0x00000000000015be       0x52 build/obj_files/main.o
 .debug_macro   0x0000000000001610      0x182 build/obj_files/main.o
 .debug_macro   0x0000000000001792      0x339 build/obj_files/main.o
 .debug_macro   0x0000000000001acb       0x16 build/obj_files/main.o
 .debug_macro   0x0000000000001ae1       0x29 build/obj_files/main.o
 .debug_macro   0x0000000000001b0a      0x1a9 build/obj_files/main.o
 .debug_macro   0x0000000000001cb3       0x16 build/obj_files/main.o
 .debug_macro   0x0000000000001cc9       0x35 build/obj_files/main.o
 .debug_macro   0x0000000000001cfe       0x28 build/obj_files/main.o

.debug_line     0x0000000000000000      0xb1b
 .debug_line    0x0000000000000000      0xa61 build/obj_files/main.o
 .debug_line    0x0000000000000a61       0xba build/obj_files/start.o

.debug_str      0x0000000000000000     0x8641
 .debug_str     0x0000000000000000     0x8623 build/obj_files/main.o
                                       0x88ef (size before relaxing)
 .debug_str     0x0000000000008623       0x1e build/obj_files/start.o
                                         0x64 (size before relaxing)

.comment        0x0000000000000000       0x33
 .comment       0x0000000000000000       0x33 build/obj_files/main.o
                                         0x34 (size before relaxing)

.debug_frame    0x0000000000000000      0x240
 .debug_frame   0x0000000000000000      0x204 build/obj_files/main.o
 .debug_frame   0x0000000000000204       0x3c c:/efinity/efinity-riscv-ide-2024.1/toolchain/bin/../lib/gcc/riscv-none-embed/8.3.0/../../../../riscv-none-embed/lib/rv32im/ilp32\libc.a(lib_a-init.o)
